---
source: tests/integration_tests.rs
expression: results
input_file: tests/detectors/unused_return.cairo
---
[
    Result {
        impact: Medium,
        name: "felt252-unsafe-arithmetic",
        confidence: Medium,
        message: "The function unused_return::unused_return::UnusedReturn::f_5 uses the felt252 operation felt252_mul([11], [12]) -> ([13]), which is not overflow/underflow safe",
    },
    Result {
        impact: Medium,
        name: "felt252-unsafe-arithmetic",
        confidence: Medium,
        message: "The function unused_return::unused_return::UnusedReturn::f_6 uses the felt252 operation felt252_add([16], [17]) -> ([18]) with the user-controlled parameters: [16], which is not overflow/underflow safe",
    },
    Result {
        impact: Medium,
        name: "felt252-unsafe-arithmetic",
        confidence: Medium,
        message: "The function unused_return::unused_return::UnusedReturn::f_6 uses the felt252 operation felt252_mul([3], [4]) -> ([16]) with the user-controlled parameters: [3],[4], which is not overflow/underflow safe",
    },
    Result {
        impact: Medium,
        name: "felt252-unsafe-arithmetic",
        confidence: Medium,
        message: "The function unused_return::unused_return::UnusedReturn::f_7 uses the felt252 operation felt252_add([19], [20]) -> ([21]) with the user-controlled parameters: [19], which is not overflow/underflow safe",
    },
    Result {
        impact: Medium,
        name: "felt252-unsafe-arithmetic",
        confidence: Medium,
        message: "The function unused_return::unused_return::UnusedReturn::f_7 uses the felt252 operation felt252_mul([15], [16]) -> ([18]) with the user-controlled parameters: [15],[16], which is not overflow/underflow safe",
    },
    Result {
        impact: Medium,
        name: "felt252-unsafe-arithmetic",
        confidence: Medium,
        message: "The function unused_return::unused_return::UnusedReturn::f_7 uses the felt252 operation felt252_mul([18], [17]) -> ([19]) with the user-controlled parameters: [18],[17], which is not overflow/underflow safe",
    },
    Result {
        impact: Medium,
        name: "felt252-unsafe-arithmetic",
        confidence: Medium,
        message: "The function unused_return::unused_return::UnusedReturn::no_report4 uses the felt252 operation felt252_add([6], [18]) -> ([19]) with the user-controlled parameters: [6],[18], which is not overflow/underflow safe",
    },
    Result {
        impact: Medium,
        name: "unused-return",
        confidence: Medium,
        message: "Return value unused for the function call function_call<user@unused_return::unused_return::UnusedReturn::f_1>([0], [1], [2], [3]) -> ([4], [5], [6]) in unused_return::unused_return::UnusedReturn::unused_return_1",
    },
    Result {
        impact: Medium,
        name: "unused-return",
        confidence: Medium,
        message: "Return value unused for the function call function_call<user@unused_return::unused_return::UnusedReturn::f_2>([1]) -> ([2]) in unused_return::unused_return::UnusedReturn::unused_return_2",
    },
    Result {
        impact: Medium,
        name: "unused-return",
        confidence: Medium,
        message: "Return value unused for the function call function_call<user@unused_return::unused_return::UnusedReturn::f_3>([1]) -> ([2]) in unused_return::unused_return::UnusedReturn::unused_return_3",
    },
    Result {
        impact: Medium,
        name: "unused-return",
        confidence: Medium,
        message: "Return value unused for the function call function_call<user@unused_return::unused_return::UnusedReturn::f_4>([1]) -> ([2]) in unused_return::unused_return::UnusedReturn::unused_return_4",
    },
    Result {
        impact: Medium,
        name: "unused-return",
        confidence: Medium,
        message: "Return value unused for the function call function_call<user@unused_return::unused_return::UnusedReturn::f_5>([0], [1], [2]) -> ([3], [4], [5]) in unused_return::unused_return::UnusedReturn::unused_return_5",
    },
    Result {
        impact: Medium,
        name: "unused-return",
        confidence: Medium,
        message: "Return value unused for the function call function_call<user@unused_return::unused_return::UnusedReturn::f_6>([10], [11], [12], [13], [14]) -> ([7], [8], [9]) in unused_return::unused_return::UnusedReturn::unused_return_6",
    },
    Result {
        impact: Medium,
        name: "unused-return",
        confidence: Medium,
        message: "Return value unused for the function call function_call<user@unused_return::unused_return::UnusedReturn::f_7>([7], [8], [9], [10]) -> ([4], [5], [6]) in unused_return::unused_return::UnusedReturn::unused_return_7",
    },
]
